// Jest Snapshot v1, https://goo.gl/fbAQLP

exports[`movie pages shows movies list 1`] = `"<div><h1>Movies</h1><div><h2>Don't look up (2021)</h2><p>Impending disaster, but will politicians act?</p></div><div><h2>Marcus Kristoffersen (2022)</h2><p>Marcus and all them ladies</p></div></div>"`;
